]0;~/Documents/Ryder/Attrition[?1034hsrivathsans-MacBook-Pro:Attrition srivathsanseshadri$ [Ksrivathsans-MacBook-Pro:Attrition srivathsanseshadri$ git inyei[K[K[Kit
Initialized empty Git repository in /Users/srivathsanseshadri/Documents/Ryder/Attrition/.git/
]0;~/Documents/Ryder/Attritionsrivathsans-MacBook-Pro:Attrition srivathsanseshadri$ git co[K[Kadd .
]0;~/Documents/Ryder/Attritionsrivathsans-MacBook-Pro:Attrition srivathsanseshadri$ git commit -m 'Completed Web scrapping [K'
[master (root-commit) 11ab902] Completed Web scrapping
 26 files changed, 493 insertions(+)
 create mode 100644 .Rproj.user/12327A33/console06/982356FB
 create mode 100644 .Rproj.user/12327A33/console06/INDEX001
 create mode 100644 .Rproj.user/12327A33/sources/prop/1920017C
 create mode 100644 .Rproj.user/12327A33/sources/prop/336A4EC7
 create mode 100644 .Rproj.user/12327A33/sources/prop/B791035C
 create mode 100644 .Rproj.user/12327A33/sources/prop/C8657D33
 create mode 100644 .Rproj.user/12327A33/sources/prop/INDEX
 create mode 100644 .Rproj.user/12327A33/sources/s-EFDE1186/10942457-contents
 create mode 100644 .Rproj.user/12327A33/sources/s-EFDE1186/11F0349
 create mode 100644 .Rproj.user/12327A33/sources/s-EFDE1186/11F0349-contents
 create mode 100644 .Rproj.user/12327A33/sources/s-EFDE1186/21877C18-contents
 create mode 100644 .Rproj.user/12327A33/sources/s-EFDE1186/7C0267B0
 create mode 100644 .Rproj.user/12327A33/sources/s-EFDE1186/7C0267B0-contents
 create mode 100644 .Rproj.user/12327A33/sources/s-EFDE1186/D8947D88
 create mode 100644 .Rproj.user/12327A33/sources/s-EFDE1186/D8947D88-contents
 create mode 100644 .Rproj.user/12327A33/sources/s-EFDE1186/E60F6DD9
 create mode 100644 .Rproj.user/12327A33/sources/s-EFDE1186/E60F6DD9-contents
 create mode 100644 .Rproj.user/12327A33/sources/s-EFDE1186/lock_file
 create mode 100644 .Rproj.user/shared/notebooks/patch-chunk-names
 create mode 100644 .Rproj.user/shared/notebooks/paths
 create mode 100644 Attrition.Rproj
 create mode 100644 IndeedScrapper.R
 create mode 100644 Readme.rd
 create mode 100644 Scrapper.R
 create mode 100644 indeedscrap.csv
 create mode 100644 parseContainer.R
]0;~/Documents/Ryder/Attritionsrivathsans-MacBook-Pro:Attrition srivathsanseshadri$ git [K[K[K[Kgit commit -m 'Completed Web scrapping'add .[K
]0;~/Documents/Ryder/Attritionsrivathsans-MacBook-Pro:Attrition srivathsanseshadri$ git add .commit -m 'Completed Web scrapping'add .[Kcommit -m 'Completed Web scrapping' 'a'n'd' '[1P'[1P'[1P'[1P'[1P'[1P'[1P'[1P'[1P'[1P'[1P'[1P'[1P'[1P'[1P'[1P'[1P'[1P'[1P'[1P'[1P'[1P'[1P'[1P'[1P'[1P'[1P'[1P'R'e'a'd'm'e'.'m'd'[C 'a'd'd'e'd'[C
[master 4523bab] Readme.md added
 8 files changed, 63 insertions(+), 34 deletions(-)
 create mode 100644 .Rproj.user/12327A33/sources/prop/FA80B71
 rename Readme.rd => Readme.md (74%)
 delete mode 100644 Scrapper.R
]0;~/Documents/Ryder/Attritionsrivathsans-MacBook-Pro:Attrition srivathsanseshadri$ git remote add origin write_csv(scrapped_data,'indeedscrap.csv')[K[K[K[K[K[K[K[K[K[K[K[K[K[K[K[K[K[K[K[K[K[K[K[K[K[K[K[K[K[K[K[K[K[K[K[K[K[K[K[K[K[Kgit remote add origin https://github.com/srivaths esh/webscrapping.git[A[C[C[C[C[C[C[C[C[C[C[C[C[C[C[C[C[C[C[C[C[C[C[C[C[C[C[C[C[C[C[C[C[C[C[C[C[C[C[C[C[C[C[C[C[C[C[C[C[C[C[C[C[C[C[C[C[C[C[C[C[C[C[C[C[C[C[C[C[C[C[C[C[C[C[C[C[C[C[C[C[C[C[C[C[C[C[C[C[C[C[C[C[C[C[C[C[C[C[C[C[C[C[C[C[C[C[C[C[C[C[C[C[C[C[C[C[C[C[C[C[C[C[C[C git remote add origin https://github.com/srivathses[1Ph/webscrapping.git[A[C[C[C[C[C[C[C[C[C[C[C[C[C[C[C[C[C[C[C[C[C[C[C[C[C[C[C[C[C[C[C[C[C[C[C[C[C[C[C[C[C[C[C[C[C[C[C[C[C[C[C[C[C[C[C git remote add origin https://github.com/srivathsesh[1P/webscrapping.git[A[C[C[C[C[C[C[C[C[C[C[C[C[C[C[C[C[C[C[C[C[C[C[C[C[C[C[C[C[C[C[C[C[C[C[C[C[C[C[C[C[C[C[C[C[C[C[C[C[C[C[C[C[C[C[C git remote add origin https://github.com/srivathsesh/[1Pwebscrapping.git[A[C[C[C[C[C[C[C[C[C[C[C[C[C[C[C[C[C[C[C[C[C[C[C[C[C[C[C[C[C[C[C[C[C[C[C[C[C[C[C[C[C[C[C[C[C[C[C[C[C[C[C[C[C[C[C git remote add origin https://github.com/srivathsesh/w[1Pebscrapping.git[A[C[C[C[C[C[C[C[C[C[C[C[C[C[C[C[C[C[C[C[C[C[C[C[C[C[C[C[C[C[C[C[C[C[C[C[C[C[C[C[C[C[C[C[C[C[C[C[C[C[C[C[C[C[C[C git remote add origin https://github.com/srivathsesh/we[1Pbscrapping.git[A[C[C[C[C[C[C[C[C[C[C[C[C[C[C[C[C[C[C[C[C[C[C[C[C[C[C[C[C[C[C[C[C[C[C[C[C[C[C[C[C[C[C[C[C[C[C[C[C[C[C[C[C[C[C[C git remote add origin https://github.com/srivathsesh/web[1Pscrapping.git[A[C[C[C[C[C[C[C[C[C[C[C[C[C[C[C[C[C[C[C[C[C[C[C[C[C[C[C[C[C[C[C[C[C[C[C[C[C[C[C[C[C[C[C[C[C[C[C[C[C[C[C[C[C[C[Cgit remote add origin https://github.com/srivathsesh/webs[1Pcrapping.git[A[C[C[C[C[C[C[C[C[C[C[C[C[C[C[C[C[C[C[C[C[C[C[C[C[C[C[C[C[C[C[C[C[C[C[C[C[C[C[C[C[C[C[C[C[C[C[C[C[C[C[C[C[C[C[C git remote add origin https://github.com/srivathsesh/websc[1Prapping.git[A[C[C[C[C[C[C[C[C[C[C[C[C[C[C[C[C[C[C[C[C[C[C[C[C[C[C[C[C[C[C[C[C[C[C[C[C[C[C[C[C[C[C[C[C[C[C[C[C[C[C[C[C[C[C[C git remote add origin https://github.com/srivathsesh/webscr[1Papping.git[A[C[C[C[C[C[C[C[C[C[C[C[C[C[C[C[C[C[C[C[C[C[C[C[C[C[C[C[C[C[C[C[C[C[C[C[C[C[C[C[C[C[C[C[C[C[C[C[C[C[C[C[C[C[C[C git remote add origin https://github.com/srivathsesh/webscra[1Ppping.git[A[C[C[C[C[C[C[C[C[C[C[C[C[C[C[C[C[C[C[C[C[C[C[C[C[C[C[C[C[C[C[C[C[C[C[C[C[C[C[C[C[C[C[C[C[C[C[C[C[C[C[C[C[C[C[Cgit remote add origin https://github.com/srivathsesh/webscrap[C[1Ping.git[A[C[C[C[C[C[C[C[C[C[C[C[C[C[C[C[C[C[C[C[C[C[C[C[C[C[C[C[C[C[C[C[C[C[C[C[C[C[C[C[C[C[C[C[C[C[C[C[C[C[C[C[C[C[C[C git remote add origin https://github.com/srivathsesh/webscrapp[1Ping.git[A[C[C[C[C[C[C[C[C[C[C[C[C[C[C[C[C[C[C[C[C[C[C[C[C[C[C[C[C[C[C[C[C[C[C[C[C[C[C[C[C[C[C[C[C[C[C[C[C[C[C[C[C[C[C[C git remote add origin https://github.com/srivathsesh/webscrappi[1Png.git[A[C[C[C[C[C[C[C[C[C[C[C[C[C[C[C[C[C[C[C[C[C[C[C[C[C[C[C[C[C[C[C[C[C[C[C[C[C[C[C[C[C[C[C[C[C[C[C[C[C[C[C[C[C[C[C git remote add origin https://github.com/srivathsesh/webscrappin[1Pg.git[A[C[C[C[C[C[C[C[C[C[C[C[C[C[C[C[C[C[C[C[C[C[C[C[C[C[C[C[C[C[C[C[C[C[C[C[C[C[C[C[C[C[C[C[C[C[C[C[C[C[C[C[C[C[C[C git remote add origin https://github.com/srivathsesh/webscrapping[1P.git[A[C[C[C[C[C[C[C[C[C[C[C[C[C[C[C[C[C[C[C[C[C[C[C[C[C[C[C[C[C[C[C[C[C[C[C[C[C[C[C[C[C[C[C[C[C[C[C[C[C[C[C[C[C[C[C git remote add origin https://github.com/srivathsesh/webscrapping.[1Pgit[A[C[C[C[C[C[C[C[C[C[C[C[C[C[C[C[C[C[C[C[C[C[C[C[C[C[C[C[C[C[C[C[C[C[C[C[C[C[C[C[C[C[C[C[C[C[C[C[C[C[C[C[C[C[C[C git remote add origin https://github.com/srivathsesh/webscrapping.g[1Pit[A[C[C[C[C[C[C[C[C[C[C[C[C[C[C[C[C[C[C[C[C[C[C[C[C[C[C[C[C[C[C[C[C[C[C[C[C[C[C[C[C[C[C[C[C[C[C[C[C[C[C[C[C[C[C[Cgit remote add origin https://github.com/srivathsesh/webscrapping.gi[1Pt[A[C[C[C[C[C[C[C[C[C[C[C[C[C[C[C[C[C[C[C[C[C[C[C[C[C[C[C[C[C[C[C[C[C[C[C[C[C[C[C[C[C[C[C[C[C[C[C[C[C[C[C[C[C[C[C git remote add origin https://github.com/srivathsesh/webscrapping.git[K[A[C[C[C[C[C[C[C[C[C[C[C[C[C[C[C[C[C[C[C[C[C[C[C[C[C[C[C[C[C[C[C[C[C[C[C[C[C[C[C[C[C[C[C[C[C[C[C[C[C[C[C[C[C[C[C git remote add origin https://github.com/srivathsesh/webscrapping.git [K[A[C[C[C[C[C[C[C[C[C[C[C[C[C[C[C[C[C[C[C[C[C[C[C[C[C[C[C[C[C[C[C[C[C[C[C[C[C[C[C[C[C[C[C[C[C[C[C[C[C[C[C[C[C[C[C[1P
[K[A[C[C[C[C[C[C[C[C[C[C[C[C[C[C[C[C[C[C[C[C[C[C[C[C[C[C[C[C[C[C[C[C[C[C[C[C[C[C[C[C[C[C[C[C[C[C[C[C[C[C[C[C[C[C
]0;~/Documents/Ryder/Attritionsrivathsans-MacBook-Pro:Attrition srivathsanseshadri$ git push -u origin master
git: 'credential-read-only' is not a git command. See 'git --help'.
error: cannot run rpostback-askpass: No such file or directory
Username for 'https://github.com': srivathsesh
error: cannot run rpostback-askpass: No such file or directory
Password for 'https://srivathsesh@github.com': 
git: 'credential-read-only' is not a git command. See 'git --help'.
Counting objects: 46, done.
Delta compression using up to 8 threads.
Compressing objects:   2% (1/43)   Compressing objects:   4% (2/43)   Compressing objects:   6% (3/43)   Compressing objects:   9% (4/43)   Compressing objects:  11% (5/43)   Compressing objects:  13% (6/43)   Compressing objects:  16% (7/43)   Compressing objects:  18% (8/43)   Compressing objects:  20% (9/43)   Compressing objects:  23% (10/43)   Compressing objects:  25% (11/43)   Compressing objects:  27% (12/43)   Compressing objects:  30% (13/43)   Compressing objects:  32% (14/43)   Compressing objects:  34% (15/43)   Compressing objects:  37% (16/43)   Compressing objects:  39% (17/43)   Compressing objects:  41% (18/43)   Compressing objects:  44% (19/43)   Compressing objects:  46% (20/43)   Compressing objects:  48% (21/43)   Compressing objects:  51% (22/43)   Compressing objects:  53% (23/43)   Compressing objects:  55% (24/43)   Compressing objects:  58% (25/43)   Compressing objects:  60% (26/43)   Compressing objects:  62% (27/43)   Compressing objects:  65% (28/43)   Compressing objects:  67% (29/43)   Compressing objects:  69% (30/43)   Compressing objects:  72% (31/43)   Compressing objects:  74% (32/43)   Compressing objects:  76% (33/43)   Compressing objects:  79% (34/43)   Compressing objects:  81% (35/43)   Compressing objects:  83% (36/43)   Compressing objects:  86% (37/43)   Compressing objects:  88% (38/43)   Compressing objects:  90% (39/43)   Compressing objects:  93% (40/43)   Compressing objects:  95% (41/43)   Compressing objects:  97% (42/43)   Compressing objects: 100% (43/43)   Compressing objects: 100% (43/43), done.
Writing objects:   2% (1/46)   Writing objects:   4% (2/46)   Writing objects:   8% (4/46)   Writing objects:  10% (5/46)   Writing objects:  13% (6/46)   Writing objects:  15% (7/46)   Writing objects:  17% (8/46)   Writing objects:  19% (9/46)   Writing objects:  21% (10/46)   Writing objects:  23% (11/46)   Writing objects:  26% (12/46)   Writing objects:  28% (13/46)   Writing objects:  30% (14/46)   Writing objects:  32% (15/46)   Writing objects:  34% (16/46)   Writing objects:  36% (17/46)   Writing objects:  39% (18/46)   Writing objects:  41% (19/46)   Writing objects:  45% (21/46)   Writing objects:  47% (22/46)   Writing objects:  50% (23/46)   Writing objects:  52% (24/46)   Writing objects:  54% (25/46)   Writing objects:  56% (26/46)   Writing objects:  58% (27/46)   Writing objects:  60% (28/46)   Writing objects:  63% (29/46)   Writing objects:  65% (30/46)   Writing objects:  67% (31/46)   Writing objects:  69% (32/46)   Writing objects:  71% (33/46)   Writing objects:  73% (34/46)   Writing objects:  76% (35/46)   Writing objects:  78% (36/46)   Writing objects:  80% (37/46)   Writing objects:  82% (38/46)   Writing objects:  84% (39/46)   Writing objects:  86% (40/46)   Writing objects:  89% (41/46)   Writing objects:  91% (42/46)   Writing objects:  93% (43/46)   Writing objects:  95% (44/46)   Writing objects:  97% (45/46)   Writing objects: 100% (46/46)   Writing objects: 100% (46/46), 28.30 KiB | 0 bytes/s, done.
Total 46 (delta 11), reused 0 (delta 0)
remote: Resolving deltas:   0% (0/11)   [Kremote: Resolving deltas:   9% (1/11)   [Kremote: Resolving deltas:  18% (2/11)   [Kremote: Resolving deltas:  27% (3/11)   [Kremote: Resolving deltas:  36% (4/11)   [Kremote: Resolving deltas:  45% (5/11)   [Kremote: Resolving deltas:  72% (8/11)   [Kremote: Resolving deltas:  81% (9/11)   [Kremote: Resolving deltas:  90% (10/11)   [Kremote: Resolving deltas: 100% (11/11)   [Kremote: Resolving deltas: 100% (11/11), done.[K
To https://github.com/srivathsesh/webscrapping.git
 * [new branch]      master -> master
Branch master set up to track remote branch master from origin.
]0;~/Documents/Ryder/Attritionsrivathsans-MacBook-Pro:Attrition srivathsanseshadri$ git push -u origin mastercommit -m 'Readme.md added'add .[K